2026-05-15 20:25:45,435 - __main__ - INFO - Creating Default config. . . . . . . . . . . . . . . . . . . . . . . . . . . . . . . . . . . . . . . . . . . . . . . . . . . . . . . . . . . :)
2026-05-15 20:26:51,868 - __main__ - WARNING - Warning Your Config.json file will be over_rided with default config.json
2026-05-15 20:26:54,965 - __main__ - INFO - Creating default config.json 
2026-05-15 20:27:15,308 - __main__ - INFO - Adding Values . . . . . . . . . . . . . . . . . . . . . . . . . . . . . . . . . . . . . . . . . . . . . . . . . . . . . . . . . . . :)
2026-05-15 20:27:33,058 - __main__ - INFO - Adding (config key) Interrupted ! . . . . . . . . . . . . . . . . . . . . . . . . . . . . . . . . . . . . . . . . . . . . . . . . . . . . . . . . . . . :(
2026-05-15 20:27:55,155 - __main__ - WARNING - Warning Your Config.json file will be over_rided with default config.json
2026-05-15 20:28:10,950 - __main__ - WARNING - Warning Your Config.json file will be over_rided with default config.json
2026-05-15 20:28:15,602 - __main__ - INFO - Creating default config.json 
2026-05-21 08:46:47,289 - __main__ - INFO - Creating Default config. . . . . . . . . . . . . . . . . . . . . . . . . . . . . . . . . . . . . . . . . . . . . . . . . . . . . . . . . . . :)
2026-05-21 08:46:47,289 - urllib3.connectionpool - DEBUG - Starting new HTTPS connection (1): raw.githubusercontent.com:443
2026-05-21 08:46:47,916 - urllib3.connectionpool - DEBUG - https://raw.githubusercontent.com:443 "GET /Shishir-Kc/Elysium_additionals/main/Configs/Elysium_cli/cli_config.json HTTP/1.1" 200 180
2026-05-21 08:47:19,928 - __main__ - INFO - Adding Values . . . . . . . . . . . . . . . . . . . . . . . . . . . . . . . . . . . . . . . . . . . . . . . . . . . . . . . . . . . :)
2026-05-21 08:48:59,820 - __main__ - INFO - Creating Default config. . . . . . . . . . . . . . . . . . . . . . . . . . . . . . . . . . . . . . . . . . . . . . . . . . . . . . . . . . . :)
2026-05-21 08:48:59,821 - urllib3.connectionpool - DEBUG - Starting new HTTPS connection (1): raw.githubusercontent.com:443
2026-05-21 08:49:01,219 - urllib3.connectionpool - DEBUG - https://raw.githubusercontent.com:443 "GET /Shishir-Kc/Elysium_additionals/main/Configs/Elysium_cli/cli_config.json HTTP/1.1" 200 180
2026-05-22 09:03:34,460 - __main__ - INFO - Creating Default config. . . . . . . . . . . . . . . . . . . . . . . . . . . . . . . . . . . . . . . . . . . . . . . . . . . . . . . . . . . :)
2026-05-22 09:03:34,493 - urllib3.connectionpool - DEBUG - Starting new HTTPS connection (1): raw.githubusercontent.com:443
2026-05-22 09:03:34,937 - urllib3.connectionpool - DEBUG - https://raw.githubusercontent.com:443 "GET /Shishir-Kc/Elysium_additionals/main/Configs/Elysium_cli/cli_config.json HTTP/1.1" 200 180
2026-05-22 09:03:38,148 - __main__ - INFO - Creating Default config. . . . . . . . . . . . . . . . . . . . . . . . . . . . . . . . . . . . . . . . . . . . . . . . . . . . . . . . . . . :)
2026-05-22 09:03:59,942 - __main__ - INFO - Creating Default config. . . . . . . . . . . . . . . . . . . . . . . . . . . . . . . . . . . . . . . . . . . . . . . . . . . . . . . . . . . :)
2026-05-22 09:04:10,838 - __main__ - INFO - Creating Default config. . . . . . . . . . . . . . . . . . . . . . . . . . . . . . . . . . . . . . . . . . . . . . . . . . . . . . . . . . . :)
2026-05-22 09:04:10,839 - urllib3.connectionpool - DEBUG - Starting new HTTPS connection (1): raw.githubusercontent.com:443
2026-05-22 09:04:10,973 - urllib3.connectionpool - DEBUG - https://raw.githubusercontent.com:443 "GET /Shishir-Kc/Elysium_additionals/main/Configs/Elysium_cli/cli_config.json HTTP/1.1" 200 180
